F                                                                        [100%]
================================== FAILURES ===================================
__ SwitchyGodotLiveEditorPilotRuntimeTests.test_actual_switchy_editor_pilot ___

self = <test_switchy_godot_live_editor_pilot_runtime.SwitchyGodotLiveEditorPilotRuntimeTests testMethod=test_actual_switchy_editor_pilot>

    @unittest.skipUnless(
        os.environ.get("GODOT_BIN"),
        "SKIPPED_NOT_CONFIGURED: set GODOT_BIN to exact Godot 4.7.1 executable",
    )
    def test_actual_switchy_editor_pilot(self) -> None:
        self.assertTrue(RUNNER.is_file(), f"missing {RUNNER.relative_to(ROOT)}")
        with tempfile.TemporaryDirectory() as temporary:
            report = Path(temporary) / "report.json"
            completed = subprocess.run(
                [
                    sys.executable,
                    str(RUNNER),
                    "--godot",
                    os.environ["GODOT_BIN"],
                    "--report",
                    str(report),
                ],
                cwd=ROOT,
                capture_output=True,
                text=True,
                timeout=300,
                check=False,
            )
>           self.assertEqual(
                0,
                completed.returncode,
                f"stdout:\n{completed.stdout}\nstderr:\n{completed.stderr}",
            )
E           AssertionError: 0 != 1 : stdout:
E           {"status": "FAIL", "code": "SOURCE_INTEGRITY_FAILURE", "detail": "", "production_adapter_ready": false, "diagnostics": {"editor_runtime": {"approval_binding_block_pass": true, "approval_binding_code": "APPROVAL_BINDING_MISMATCH", "batch_64_completed": 64, "batch_64_elapsed_usec": 618696, "batch_64_pass": true, "batch_failure_codes": [], "batch_observation_revision": "1:1", "code": "OK", "dirty_rename_code": "OK", "dirty_rename_pass": true, "dirty_undo_pass": true, "editor_instance_id": "editor-885b09095252f270d302aeec6790e6e7", "elapsed_usec": 2322604, "engine_version": "4.7.1-stable (official)", "expired_approval_block_pass": true, "expired_approval_code": "APPROVAL_EXPIRED", "final_restore_code": "FINAL_REOPENED_FROM_ORIGINAL_BYTES", "inspect_code": "OK", "ledger_states": ["COMPLETED", "COMPLETED"], "network_listener_enabled": false, "original_scene_byte_count": 7506, "original_scene_sha256": "7b24444f1031f3eb9f323a60a5222d4fbf1088502567b228754e432328727e24", "production_adapter_ready": false, "queue_capacity_pass": true, "request_hash_block_pass": true, "request_hash_code": "REQUEST_HASH_MISMATCH", "restore_code": "TEMPORARY_RESTORE_BYTE_WRITE", "restored_scene_sha256": "7b24444f1031f3eb9f323a60a5222d4fbf1088502567b228754e432328727e24", "result_hash_pass": true, "saved_rename_code": "OK", "saved_rename_pass": true, "saved_scene_sha256": "15704fff788ba14a2d8f0d432c13ad913b61a8c7b5c680998d4d546d6325e531", "saved_undo_restore_pass": true, "scene_inspect_pass": true, "stable_observation_pass": true, "stale_code": "TARGET_STATE_CONFLICT", "stale_state_block_pass": true, "status": "PASS", "temporary_scene_byte_restore_pass": true, "undo_diagnostics": [{"action_index": 0, "action_name": "Base Live Editor: Rename Node", "dirty_target_present": true, "filesystem_scanning": true, "has_redo": false, "has_undo": true, "history_available": true, "history_count": 1, "history_id": 1, "history_version": 2, "observed_usec": 6939877, "original_target_present": false, "phase": "before", "root_instance_id": 1681966307257, "scene_path": "res://game/finite/presentation/finite_slice_view.tscn", "scene_sha256": "7b24444f1031f3eb9f323a60a5222d4fbf1088502567b228754e432328727e24", "unsaved": true}, {"action_index": -1, "action_name": "", "dirty_target_present": false, "filesystem_scanning": true, "has_redo": true, "has_undo": false, "history_available": true, "history_count": 1, "history_id": 1, "history_version": 1, "observed_usec": 6940188, "original_target_present": true, "phase": "immediate_after", "root_instance_id": 1681966307257, "scene_path": "res://game/finite/presentation/finite_slice_view.tscn", "scene_sha256": "7b24444f1031f3eb9f323a60a5222d4fbf1088502567b228754e432328727e24", "undo_return": true, "unsaved": true}, {"action_index": -1, "action_name": "", "dirty_target_present": false, "filesystem_scanning": true, "has_redo": true, "has_undo": false, "history_available": true, "history_count": 1, "history_id": 1, "history_version": 1, "observed_usec": 6943457, "original_target_present": true, "phase": "next_frame", "root_instance_id": 1681966307257, "scene_path": "res://game/finite/presentation/finite_slice_view.tscn", "scene_sha256": "7b24444f1031f3eb9f323a60a5222d4fbf1088502567b228754e432328727e24", "unsaved": true}], "headless_thumbnail_error_count": 2}}}
E           
E           stderr:

tests\python\test_switchy_godot_live_editor_pilot_runtime.py:84: AssertionError
=========================== short test summary info ===========================
FAILED tests/python/test_switchy_godot_live_editor_pilot_runtime.py::SwitchyGodotLiveEditorPilotRuntimeTests::test_actual_switchy_editor_pilot
1 failed, 1 deselected in 111.43s (0:01:51)
